2026-07-06T01:55:03.000Z INFO  [api] GET /orders 200 10ms
2026-07-06T01:55:03.000Z DEBUG [api] cache hit ratio 0.90
2026-07-06T01:55:03.000Z INFO  [scheduler] cron tick: reap-idle-connections ok
2026-07-06T01:55:06.400Z INFO  [worker-1] GET /users 200 17ms
2026-07-06T01:55:10.200Z INFO  [worker-2] POST /orders 200 24ms
2026-07-06T01:55:14.400Z INFO  [scheduler] GET /health 200 31ms
2026-07-06T01:55:19.000Z INFO  [api] GET /orders 200 38ms
2026-07-06T01:55:22.000Z INFO  [worker-1] GET /users 200 45ms
2026-07-06T01:55:25.400Z INFO  [worker-2] POST /orders 200 52ms
2026-07-06T01:55:29.200Z INFO  [scheduler] GET /health 200 59ms
2026-07-06T01:55:33.400Z INFO  [api] GET /orders 200 66ms
2026-07-06T01:55:38.000Z INFO  [worker-1] GET /users 200 73ms
2026-07-06T01:55:41.000Z INFO  [worker-2] POST /orders 200 80ms
2026-07-06T01:55:44.400Z INFO  [scheduler] GET /health 200 87ms
2026-07-06T01:55:48.200Z INFO  [api] GET /orders 200 94ms
2026-07-06T01:55:52.400Z INFO  [worker-1] GET /users 200 11ms
2026-07-06T01:55:57.000Z INFO  [worker-2] POST /orders 200 18ms
2026-07-06T01:56:00.000Z INFO  [scheduler] GET /health 200 25ms
2026-07-06T01:56:03.400Z INFO  [api] GET /orders 200 32ms
2026-07-06T01:56:07.200Z INFO  [worker-1] GET /users 200 39ms
2026-07-06T01:56:07.200Z DEBUG [worker-1] cache hit ratio 0.98
2026-07-06T01:56:11.400Z INFO  [worker-2] POST /orders 200 46ms
2026-07-06T01:56:16.000Z INFO  [scheduler] GET /health 200 53ms
2026-07-06T01:56:19.000Z INFO  [api] GET /orders 200 60ms
2026-07-06T01:56:22.400Z INFO  [worker-1] GET /users 200 67ms
2026-07-06T01:56:26.200Z INFO  [worker-2] POST /orders 200 74ms
2026-07-06T01:56:30.400Z INFO  [scheduler] GET /health 200 81ms
2026-07-06T01:56:35.000Z INFO  [api] GET /orders 200 88ms
2026-07-06T01:56:38.000Z INFO  [worker-1] GET /users 200 95ms
2026-07-06T01:56:41.400Z INFO  [worker-2] POST /orders 200 12ms
2026-07-06T01:56:45.200Z INFO  [scheduler] GET /health 200 19ms
2026-07-06T01:56:49.400Z INFO  [api] GET /orders 200 26ms
2026-07-06T01:56:54.000Z INFO  [worker-1] GET /users 200 33ms
2026-07-06T01:56:57.000Z INFO  [worker-2] POST /orders 200 40ms
2026-07-06T01:57:00.400Z INFO  [scheduler] GET /health 200 47ms
2026-07-06T01:57:00.400Z INFO  [scheduler] cron tick: reap-idle-connections ok
2026-07-06T01:57:04.200Z INFO  [api] GET /orders 200 54ms
2026-07-06T01:57:08.400Z INFO  [worker-1] GET /users 200 61ms
2026-07-06T01:57:13.000Z INFO  [worker-2] POST /orders 200 68ms
2026-07-06T01:57:13.000Z DEBUG [worker-2] cache hit ratio 0.97
2026-07-06T01:57:16.000Z INFO  [scheduler] GET /health 200 75ms
2026-07-06T01:57:19.400Z INFO  [api] GET /orders 200 82ms
2026-07-06T01:57:23.200Z INFO  [worker-1] GET /users 200 89ms
2026-07-06T01:57:27.400Z INFO  [worker-2] POST /orders 200 96ms
2026-07-06T01:57:32.000Z INFO  [scheduler] GET /health 200 13ms
2026-07-06T01:57:35.000Z INFO  [api] GET /orders 200 20ms
2026-07-06T01:57:38.400Z INFO  [worker-1] GET /users 200 27ms
2026-07-06T01:57:42.200Z INFO  [worker-2] POST /orders 200 34ms
2026-07-06T01:57:46.400Z INFO  [scheduler] GET /health 200 41ms
2026-07-06T01:57:51.000Z INFO  [api] GET /orders 200 48ms
2026-07-06T01:57:54.000Z INFO  [worker-1] GET /users 200 55ms
2026-07-06T01:57:57.400Z INFO  [worker-2] POST /orders 200 62ms
2026-07-06T01:58:01.200Z INFO  [scheduler] GET /health 200 69ms
2026-07-06T01:58:05.400Z INFO  [api] GET /orders 200 76ms
2026-07-06T01:58:10.000Z INFO  [worker-1] GET /users 200 83ms
2026-07-06T01:58:13.000Z INFO  [worker-2] POST /orders 200 90ms
2026-07-06T01:58:16.400Z INFO  [scheduler] GET /health 200 97ms
2026-07-06T01:58:16.400Z DEBUG [scheduler] cache hit ratio 0.96
2026-07-06T01:58:20.200Z INFO  [api] GET /orders 200 14ms
2026-07-06T01:58:24.400Z INFO  [worker-1] GET /users 200 21ms
2026-07-06T01:58:29.000Z INFO  [worker-2] POST /orders 200 28ms
2026-07-06T01:58:32.000Z INFO  [scheduler] GET /health 200 35ms
2026-07-06T01:58:35.400Z INFO  [api] GET /orders 200 42ms
2026-07-06T01:58:39.200Z INFO  [worker-1] GET /users 200 49ms
2026-07-06T01:58:43.400Z INFO  [worker-2] POST /orders 200 56ms
2026-07-06T01:58:48.000Z INFO  [scheduler] GET /health 200 63ms
2026-07-06T01:58:51.000Z INFO  [api] GET /orders 200 70ms
2026-07-06T01:58:54.400Z INFO  [worker-1] GET /users 200 77ms
2026-07-06T01:58:58.200Z INFO  [worker-2] POST /orders 200 84ms
2026-07-06T01:58:58.200Z INFO  [scheduler] cron tick: reap-idle-connections ok
2026-07-06T01:59:02.400Z INFO  [scheduler] GET /health 200 91ms
2026-07-06T01:59:07.000Z INFO  [api] GET /orders 200 98ms
2026-07-06T01:59:10.000Z INFO  [worker-1] GET /users 200 15ms
2026-07-06T01:59:13.400Z INFO  [worker-2] POST /orders 200 22ms
2026-07-06T01:59:17.200Z INFO  [scheduler] GET /health 200 29ms
2026-07-06T01:59:21.400Z INFO  [api] GET /orders 200 36ms
2026-07-06T01:59:21.400Z DEBUG [api] cache hit ratio 0.95
2026-07-06T01:59:26.000Z INFO  [worker-1] GET /users 200 43ms
2026-07-06T01:59:29.000Z INFO  [worker-2] POST /orders 200 50ms
2026-07-06T01:59:32.400Z INFO  [scheduler] GET /health 200 57ms
2026-07-06T01:59:36.200Z INFO  [api] GET /orders 200 64ms
2026-07-06T01:59:40.400Z INFO  [worker-1] GET /users 200 71ms
2026-07-06T01:59:45.000Z INFO  [worker-2] POST /orders 200 78ms
2026-07-06T01:59:48.000Z INFO  [scheduler] GET /health 200 85ms
2026-07-06T01:59:51.400Z INFO  [api] GET /orders 200 92ms
2026-07-06T01:59:55.200Z INFO  [worker-1] GET /users 200 99ms
2026-07-06T01:59:59.400Z INFO  [worker-2] POST /orders 200 16ms
2026-07-06T02:00:04.000Z INFO  [scheduler] GET /health 200 23ms
2026-07-06T02:00:07.000Z INFO  [api] GET /orders 200 30ms
2026-07-06T02:00:10.400Z INFO  [worker-1] GET /users 200 37ms
2026-07-06T02:00:14.200Z INFO  [worker-2] POST /orders 200 44ms
2026-07-06T02:00:18.400Z INFO  [scheduler] GET /health 200 51ms
2026-07-06T02:00:23.000Z INFO  [api] GET /orders 200 58ms
2026-07-06T02:00:26.000Z INFO  [worker-1] GET /users 200 65ms
2026-07-06T02:00:26.000Z DEBUG [worker-1] cache hit ratio 0.94
2026-07-06T02:00:29.400Z INFO  [worker-2] POST /orders 200 72ms
2026-07-06T02:00:33.200Z INFO  [scheduler] GET /health 200 79ms
2026-07-06T02:00:37.400Z INFO  [api] GET /orders 200 86ms
2026-07-06T02:00:42.000Z INFO  [worker-1] GET /users 200 93ms
2026-07-06T02:00:45.000Z INFO  [worker-2] POST /orders 200 10ms
2026-07-06T02:00:48.400Z INFO  [scheduler] GET /health 200 17ms
2026-07-06T02:00:52.200Z INFO  [api] GET /orders 200 24ms
2026-07-06T02:00:56.400Z INFO  [worker-1] GET /users 200 31ms
2026-07-06T02:00:56.400Z INFO  [scheduler] cron tick: reap-idle-connections ok
2026-07-06T02:01:01.000Z INFO  [worker-2] POST /orders 200 38ms
2026-07-06T02:01:04.000Z INFO  [scheduler] GET /health 200 45ms
2026-07-06T02:01:07.400Z INFO  [api] GET /orders 200 52ms
2026-07-06T02:01:11.200Z INFO  [worker-1] GET /users 200 59ms
2026-07-06T02:01:15.400Z INFO  [worker-2] POST /orders 200 66ms
2026-07-06T02:01:20.000Z INFO  [scheduler] GET /health 200 73ms
2026-07-06T02:01:23.000Z INFO  [api] GET /orders 200 80ms
2026-07-06T02:01:26.400Z INFO  [worker-1] GET /users 200 87ms
2026-07-06T02:01:30.200Z INFO  [worker-2] POST /orders 200 94ms
2026-07-06T02:01:30.200Z DEBUG [worker-2] cache hit ratio 0.93
2026-07-06T02:01:34.400Z INFO  [scheduler] GET /health 200 11ms
2026-07-06T02:01:39.000Z INFO  [api] GET /orders 200 18ms
2026-07-06T02:01:42.000Z INFO  [worker-1] GET /users 200 25ms
2026-07-06T02:01:45.400Z INFO  [worker-2] POST /orders 200 32ms
2026-07-06T02:01:49.200Z INFO  [scheduler] GET /health 200 39ms
2026-07-06T02:01:53.400Z INFO  [api] GET /orders 200 46ms
2026-07-06T02:01:58.000Z INFO  [worker-1] GET /users 200 53ms
2026-07-06T02:02:01.000Z INFO  [worker-2] POST /orders 200 60ms
2026-07-06T02:02:04.400Z INFO  [scheduler] GET /health 200 67ms
2026-07-06T02:02:08.200Z INFO  [api] GET /orders 200 74ms
2026-07-06T02:02:12.400Z INFO  [worker-1] GET /users 200 81ms
2026-07-06T02:02:17.000Z INFO  [worker-2] POST /orders 200 88ms
2026-07-06T02:02:20.000Z INFO  [scheduler] GET /health 200 95ms
2026-07-06T02:02:23.400Z INFO  [api] GET /orders 200 12ms
2026-07-06T02:02:27.200Z INFO  [worker-1] GET /users 200 19ms
2026-07-06T02:02:31.400Z INFO  [worker-2] POST /orders 200 26ms
2026-07-06T02:02:36.000Z INFO  [scheduler] GET /health 200 33ms
2026-07-06T02:02:36.000Z DEBUG [scheduler] cache hit ratio 0.92
2026-07-06T02:02:39.000Z INFO  [api] GET /orders 200 40ms
2026-07-06T02:02:42.400Z INFO  [worker-1] GET /users 200 47ms
2026-07-06T02:02:46.200Z INFO  [worker-2] POST /orders 200 54ms
2026-07-06T02:02:50.400Z INFO  [scheduler] GET /health 200 61ms
2026-07-06T02:02:55.000Z INFO  [api] GET /orders 200 68ms
2026-07-06T02:02:55.000Z INFO  [scheduler] cron tick: reap-idle-connections ok
2026-07-06T02:02:58.000Z INFO  [worker-1] GET /users 200 75ms
2026-07-06T02:03:01.400Z INFO  [worker-2] POST /orders 200 82ms
2026-07-06T02:03:05.200Z INFO  [scheduler] GET /health 200 89ms
2026-07-06T02:03:09.400Z INFO  [api] GET /orders 200 96ms
2026-07-06T02:03:14.000Z INFO  [worker-1] GET /users 200 13ms
2026-07-06T02:03:17.000Z INFO  [worker-2] POST /orders 200 20ms
2026-07-06T02:03:20.400Z INFO  [scheduler] GET /health 200 27ms
2026-07-06T02:03:24.200Z INFO  [api] GET /orders 200 34ms
2026-07-06T02:03:28.400Z INFO  [worker-1] GET /users 200 41ms
2026-07-06T02:03:33.000Z INFO  [worker-2] POST /orders 200 48ms
2026-07-06T02:03:36.000Z INFO  [scheduler] GET /health 200 55ms
2026-07-06T02:03:39.400Z INFO  [api] GET /orders 200 62ms
2026-07-06T02:03:39.400Z DEBUG [api] cache hit ratio 0.91
2026-07-06T02:03:43.200Z INFO  [worker-1] GET /users 200 69ms
2026-07-06T02:03:47.400Z INFO  [worker-2] POST /orders 200 76ms
2026-07-06T02:03:52.000Z INFO  [scheduler] GET /health 200 83ms
2026-07-06T02:03:55.000Z INFO  [api] GET /orders 200 90ms
2026-07-06T02:03:58.400Z INFO  [worker-1] GET /users 200 97ms
2026-07-06T02:04:02.200Z INFO  [worker-2] POST /orders 200 14ms
2026-07-06T02:04:06.400Z INFO  [scheduler] GET /health 200 21ms
2026-07-06T02:04:11.000Z INFO  [api] GET /orders 200 28ms
2026-07-06T02:04:14.000Z INFO  [worker-1] GET /users 200 35ms
2026-07-06T02:04:17.400Z INFO  [worker-2] POST /orders 200 42ms
2026-07-06T02:04:21.200Z INFO  [scheduler] GET /health 200 49ms
2026-07-06T02:04:25.400Z INFO  [api] GET /orders 200 56ms
2026-07-06T02:04:30.000Z INFO  [worker-1] GET /users 200 63ms
2026-07-06T02:04:33.000Z INFO  [worker-2] POST /orders 200 70ms
2026-07-06T02:04:36.400Z INFO  [scheduler] GET /health 200 77ms
2026-07-06T02:04:40.200Z INFO  [api] GET /orders 200 84ms
2026-07-06T02:04:44.400Z INFO  [worker-1] GET /users 200 91ms
2026-07-06T02:04:44.400Z DEBUG [worker-1] cache hit ratio 0.90
2026-07-06T02:04:49.000Z INFO  [worker-2] POST /orders 200 98ms
2026-07-06T02:04:52.000Z INFO  [scheduler] GET /health 200 15ms
2026-07-06T02:04:52.000Z INFO  [scheduler] cron tick: reap-idle-connections ok
2026-07-06T02:04:55.400Z INFO  [api] GET /orders 200 22ms
2026-07-06T02:04:59.200Z INFO  [worker-1] GET /users 200 29ms
2026-07-06T02:05:03.400Z INFO  [worker-2] POST /orders 200 36ms
2026-07-06T02:05:08.000Z INFO  [scheduler] GET /health 200 43ms
2026-07-06T02:05:11.000Z INFO  [api] GET /orders 200 50ms
2026-07-06T02:05:14.400Z INFO  [worker-1] GET /users 200 57ms
2026-07-06T02:05:18.200Z INFO  [worker-2] POST /orders 200 64ms
2026-07-06T02:05:22.400Z INFO  [scheduler] GET /health 200 71ms
2026-07-06T02:05:27.000Z INFO  [api] GET /orders 200 78ms
2026-07-06T02:05:30.000Z INFO  [worker-1] GET /users 200 85ms
2026-07-06T02:05:33.400Z INFO  [worker-2] POST /orders 200 92ms
2026-07-06T02:05:37.200Z INFO  [scheduler] GET /health 200 99ms
2026-07-06T02:05:41.400Z INFO  [api] GET /orders 200 16ms
2026-07-06T02:05:46.000Z INFO  [worker-1] GET /users 200 23ms
2026-07-06T02:05:49.000Z INFO  [worker-2] POST /orders 200 30ms
2026-07-06T02:05:49.000Z DEBUG [worker-2] cache hit ratio 0.98
2026-07-06T02:05:52.400Z INFO  [scheduler] GET /health 200 37ms
2026-07-06T02:05:56.200Z INFO  [api] GET /orders 200 44ms
2026-07-06T02:06:00.400Z INFO  [worker-1] GET /users 200 51ms
2026-07-06T02:06:05.000Z INFO  [worker-2] POST /orders 200 58ms
2026-07-06T02:06:08.000Z INFO  [scheduler] GET /health 200 65ms
2026-07-06T02:06:11.400Z INFO  [api] GET /orders 200 72ms
2026-07-06T02:06:15.200Z INFO  [worker-1] GET /users 200 79ms
2026-07-06T02:06:19.400Z INFO  [worker-2] POST /orders 200 86ms
2026-07-06T02:06:24.000Z INFO  [scheduler] GET /health 200 93ms
2026-07-06T02:06:27.000Z INFO  [api] GET /orders 200 10ms
2026-07-06T02:06:30.400Z INFO  [worker-1] GET /users 200 17ms
2026-07-06T02:06:34.200Z INFO  [worker-2] POST /orders 200 24ms
2026-07-06T02:06:38.400Z INFO  [scheduler] GET /health 200 31ms
2026-07-06T02:06:43.000Z INFO  [api] GET /orders 200 38ms
2026-07-06T02:06:46.000Z INFO  [worker-1] GET /users 200 45ms
2026-07-06T02:06:49.400Z INFO  [worker-2] POST /orders 200 52ms
2026-07-06T02:06:49.400Z INFO  [scheduler] cron tick: reap-idle-connections ok
2026-07-06T02:06:53.200Z INFO  [scheduler] GET /health 200 59ms
2026-07-06T02:06:53.200Z DEBUG [scheduler] cache hit ratio 0.97
2026-07-06T02:06:57.400Z INFO  [api] GET /orders 200 66ms
2026-07-06T02:07:02.000Z INFO  [worker-1] GET /users 200 73ms
2026-07-06T02:07:05.000Z INFO  [worker-2] POST /orders 200 80ms
2026-07-06T02:07:08.400Z INFO  [scheduler] GET /health 200 87ms
2026-07-06T02:07:12.200Z INFO  [api] GET /orders 200 94ms
2026-07-06T02:07:16.400Z INFO  [worker-1] GET /users 200 11ms
2026-07-06T02:07:21.000Z INFO  [worker-2] POST /orders 200 18ms
2026-07-06T02:07:24.000Z INFO  [scheduler] GET /health 200 25ms
2026-07-06T02:07:27.400Z INFO  [api] GET /orders 200 32ms
2026-07-06T02:07:31.200Z INFO  [worker-1] GET /users 200 39ms
2026-07-06T02:07:35.400Z INFO  [worker-2] POST /orders 200 46ms
2026-07-06T02:07:40.000Z INFO  [scheduler] GET /health 200 53ms
2026-07-06T02:07:43.000Z INFO  [api] GET /orders 200 60ms
2026-07-06T02:07:46.400Z INFO  [worker-1] GET /users 200 67ms
2026-07-06T02:07:50.200Z INFO  [worker-2] POST /orders 200 74ms
2026-07-06T02:07:54.400Z INFO  [scheduler] GET /health 200 81ms
2026-07-06T02:07:59.000Z INFO  [api] GET /orders 200 88ms
2026-07-06T02:07:59.000Z DEBUG [api] cache hit ratio 0.96
2026-07-06T02:08:02.000Z INFO  [worker-1] GET /users 200 95ms
2026-07-06T02:08:05.400Z INFO  [worker-2] POST /orders 200 12ms
2026-07-06T02:08:09.200Z INFO  [scheduler] GET /health 200 19ms
2026-07-06T02:08:13.400Z INFO  [api] GET /orders 200 26ms
2026-07-06T02:08:18.000Z INFO  [worker-1] GET /users 200 33ms
2026-07-06T02:08:21.000Z INFO  [worker-2] POST /orders 200 40ms
2026-07-06T02:08:24.400Z INFO  [scheduler] GET /health 200 47ms
2026-07-06T02:08:28.200Z INFO  [api] GET /orders 200 54ms
2026-07-06T02:08:32.400Z INFO  [worker-1] GET /users 200 61ms
2026-07-06T02:08:37.000Z INFO  [worker-2] POST /orders 200 68ms
2026-07-06T02:08:40.000Z INFO  [scheduler] GET /health 200 75ms
2026-07-06T02:08:43.400Z INFO  [api] GET /orders 200 82ms
2026-07-06T02:08:47.200Z INFO  [worker-1] GET /users 200 89ms
2026-07-06T02:08:47.200Z INFO  [scheduler] cron tick: reap-idle-connections ok
2026-07-06T02:08:51.400Z INFO  [worker-2] POST /orders 200 96ms
2026-07-06T02:08:56.000Z INFO  [scheduler] GET /health 200 13ms
2026-07-06T02:08:59.000Z INFO  [api] GET /orders 200 20ms
2026-07-06T02:09:02.400Z INFO  [worker-1] GET /users 200 27ms
2026-07-06T02:09:02.400Z DEBUG [worker-1] cache hit ratio 0.95
2026-07-06T02:09:06.200Z INFO  [worker-2] POST /orders 200 34ms
2026-07-06T02:09:10.400Z INFO  [scheduler] GET /health 200 41ms
2026-07-06T02:09:15.000Z INFO  [api] GET /orders 200 48ms
2026-07-06T02:09:18.000Z INFO  [worker-1] GET /users 200 55ms
2026-07-06T02:09:21.400Z INFO  [worker-2] POST /orders 200 62ms
2026-07-06T02:09:25.200Z INFO  [scheduler] GET /health 200 69ms
2026-07-06T02:09:29.400Z INFO  [api] GET /orders 200 76ms
2026-07-06T02:09:34.000Z INFO  [worker-1] GET /users 200 83ms
2026-07-06T02:09:38.200Z INFO  [api] GET /orders 200 40ms
2026-07-06T02:09:42.400Z INFO  [worker-1] GET /orders 200 41ms
2026-07-06T02:09:46.600Z INFO  [worker-2] GET /orders 200 42ms
2026-07-06T02:09:50.800Z INFO  [scheduler] GET /orders 200 43ms
2026-07-06T02:09:55.000Z INFO  [api] GET /orders 200 44ms
2026-07-06T02:09:59.200Z INFO  [worker-1] GET /orders 200 45ms
2026-07-06T02:09:59.200Z WARN  [db] pool utilization high: 2/5 in use
2026-07-06T02:10:03.400Z INFO  [worker-2] GET /orders 200 46ms
2026-07-06T02:10:07.600Z INFO  [scheduler] GET /orders 200 47ms
2026-07-06T02:10:11.800Z INFO  [api] GET /orders 200 48ms
2026-07-06T02:10:16.000Z INFO  [worker-1] GET /orders 200 49ms
2026-07-06T02:10:20.200Z INFO  [worker-2] GET /orders 200 50ms
2026-07-06T02:10:24.400Z INFO  [scheduler] GET /orders 200 51ms
2026-07-06T02:10:24.400Z WARN  [db] pool utilization high: 3/5 in use
2026-07-06T02:10:28.600Z INFO  [api] GET /orders 200 52ms
2026-07-06T02:10:32.800Z INFO  [worker-1] GET /orders 200 53ms
2026-07-06T02:10:37.000Z INFO  [worker-2] GET /orders 200 54ms
2026-07-06T02:10:41.200Z INFO  [scheduler] GET /orders 200 55ms
2026-07-06T02:10:45.400Z INFO  [api] GET /orders 200 56ms
2026-07-06T02:10:49.600Z INFO  [worker-1] GET /orders 200 57ms
2026-07-06T02:10:49.600Z WARN  [db] pool utilization high: 4/5 in use
2026-07-06T02:10:53.800Z INFO  [worker-2] GET /orders 200 58ms
2026-07-06T02:10:58.000Z INFO  [scheduler] GET /orders 200 59ms
2026-07-06T02:11:02.200Z INFO  [api] GET /orders 200 60ms
2026-07-06T02:11:06.400Z INFO  [worker-1] GET /orders 200 61ms
2026-07-06T02:11:10.600Z INFO  [worker-2] GET /orders 200 62ms
2026-07-06T02:11:14.800Z INFO  [scheduler] GET /orders 200 63ms
2026-07-06T02:11:14.800Z WARN  [db] pool utilization high: 5/5 in use
2026-07-06T02:11:16.600Z ERROR [api] acquire timeout: no connections available after 5000ms
2026-07-06T02:11:18.600Z WARN  [db] pool utilization high: 5/5 in use
2026-07-06T02:11:20.800Z ERROR [worker-2] POST /orders 503 (pool exhausted)
2026-07-06T02:11:22.600Z ERROR [scheduler] POST /orders 503 (pool exhausted)
2026-07-06T02:11:24.600Z ERROR [api] acquire timeout: no connections available after 5000ms
2026-07-06T02:11:26.800Z WARN  [db] pool utilization high: 5/5 in use
2026-07-06T02:11:28.600Z ERROR [worker-2] POST /orders 503 (pool exhausted)
2026-07-06T02:11:30.600Z ERROR [scheduler] POST /orders 503 (pool exhausted)
2026-07-06T02:11:32.800Z ERROR [api] acquire timeout: no connections available after 5000ms
2026-07-06T02:11:34.600Z WARN  [db] pool utilization high: 5/5 in use
2026-07-06T02:11:36.600Z ERROR [worker-2] POST /orders 503 (pool exhausted)
2026-07-06T02:11:38.800Z ERROR [scheduler] POST /orders 503 (pool exhausted)
2026-07-06T02:11:40.600Z ERROR [api] acquire timeout: no connections available after 5000ms
2026-07-06T02:11:42.600Z WARN  [db] pool utilization high: 5/5 in use
2026-07-06T02:11:44.800Z ERROR [worker-2] POST /orders 503 (pool exhausted)
2026-07-06T02:11:46.600Z ERROR [scheduler] POST /orders 503 (pool exhausted)
2026-07-06T02:11:48.600Z ERROR [api] acquire timeout: no connections available after 5000ms
2026-07-06T02:11:50.800Z WARN  [db] pool utilization high: 5/5 in use
2026-07-06T02:11:52.600Z ERROR [worker-2] POST /orders 503 (pool exhausted)
2026-07-06T02:11:54.600Z ERROR [scheduler] POST /orders 503 (pool exhausted)
2026-07-06T02:11:56.800Z ERROR [api] acquire timeout: no connections available after 5000ms
2026-07-06T02:11:58.600Z WARN  [db] pool utilization high: 5/5 in use
2026-07-06T02:12:00.600Z ERROR [worker-2] POST /orders 503 (pool exhausted)
2026-07-06T02:12:02.800Z ERROR [scheduler] POST /orders 503 (pool exhausted)
2026-07-06T02:12:04.600Z ERROR [api] acquire timeout: no connections available after 5000ms
2026-07-06T02:12:06.600Z WARN  [db] pool utilization high: 5/5 in use
2026-07-06T02:12:08.800Z ERROR [worker-2] POST /orders 503 (pool exhausted)
2026-07-06T02:12:10.600Z ERROR [scheduler] POST /orders 503 (pool exhausted)
2026-07-06T02:12:12.600Z ERROR [api] acquire timeout: no connections available after 5000ms
2026-07-06T02:12:14.800Z WARN  [db] pool utilization high: 5/5 in use
2026-07-06T02:12:16.600Z ERROR [worker-2] POST /orders 503 (pool exhausted)
2026-07-06T02:12:18.600Z ERROR [scheduler] POST /orders 503 (pool exhausted)
2026-07-06T02:12:20.800Z ERROR [api] acquire timeout: no connections available after 5000ms
2026-07-06T02:12:22.600Z WARN  [db] pool utilization high: 5/5 in use
2026-07-06T02:12:24.600Z ERROR [worker-2] POST /orders 503 (pool exhausted)
2026-07-06T02:12:26.800Z ERROR [scheduler] POST /orders 503 (pool exhausted)
2026-07-06T02:12:28.600Z ERROR [api] acquire timeout: no connections available after 5000ms
2026-07-06T02:12:30.600Z WARN  [db] pool utilization high: 5/5 in use
2026-07-06T02:12:32.800Z ERROR [worker-2] POST /orders 503 (pool exhausted)
2026-07-06T02:12:34.600Z ERROR [scheduler] POST /orders 503 (pool exhausted)
2026-07-06T02:12:36.600Z ERROR [api] acquire timeout: no connections available after 5000ms
2026-07-06T02:12:36.600Z WARN  [scheduler] request queue depth 480 (max 500)
2026-07-06T02:12:38.800Z WARN  [db] pool utilization high: 5/5 in use
2026-07-06T02:12:40.600Z ERROR [worker-2] POST /orders 503 (pool exhausted)
2026-07-06T02:12:42.600Z ERROR [scheduler] POST /orders 503 (pool exhausted)
2026-07-06T02:12:44.800Z ERROR [api] acquire timeout: no connections available after 5000ms
2026-07-06T02:12:46.600Z WARN  [db] pool utilization high: 5/5 in use
2026-07-06T02:12:48.600Z ERROR [worker-2] POST /orders 503 (pool exhausted)
2026-07-06T02:12:50.800Z ERROR [scheduler] POST /orders 503 (pool exhausted)
2026-07-06T02:12:52.600Z ERROR [api] acquire timeout: no connections available after 5000ms
2026-07-06T02:12:54.600Z WARN  [db] pool utilization high: 5/5 in use
2026-07-06T02:12:56.800Z ERROR [worker-2] POST /orders 503 (pool exhausted)
2026-07-06T02:12:58.600Z ERROR [scheduler] POST /orders 503 (pool exhausted)
2026-07-06T02:13:00.600Z ERROR [api] acquire timeout: no connections available after 5000ms
2026-07-06T02:13:02.800Z WARN  [db] pool utilization high: 5/5 in use
2026-07-06T02:13:04.600Z ERROR [worker-2] POST /orders 503 (pool exhausted)
2026-07-06T02:13:06.600Z ERROR [scheduler] POST /orders 503 (pool exhausted)
2026-07-06T02:13:06.600Z WARN  [scheduler] request queue depth 511 (max 500)
2026-07-06T02:13:08.800Z ERROR [api] acquire timeout: no connections available after 5000ms
2026-07-06T02:13:10.600Z WARN  [db] pool utilization high: 5/5 in use
2026-07-06T02:13:12.600Z ERROR [worker-2] POST /orders 503 (pool exhausted)
2026-07-06T02:13:14.800Z ERROR [scheduler] POST /orders 503 (pool exhausted)
2026-07-06T02:13:16.600Z ERROR [api] acquire timeout: no connections available after 5000ms
2026-07-06T02:13:18.600Z WARN  [db] pool utilization high: 5/5 in use
2026-07-06T02:13:20.800Z ERROR [worker-2] POST /orders 503 (pool exhausted)
2026-07-06T02:13:22.600Z ERROR [scheduler] POST /orders 503 (pool exhausted)
2026-07-06T02:13:24.600Z ERROR [api] acquire timeout: no connections available after 5000ms
2026-07-06T02:13:26.800Z WARN  [db] pool utilization high: 5/5 in use
2026-07-06T02:13:28.600Z ERROR [worker-2] POST /orders 503 (pool exhausted)
2026-07-06T02:13:30.600Z ERROR [scheduler] POST /orders 503 (pool exhausted)
2026-07-06T02:13:32.800Z ERROR [api] acquire timeout: no connections available after 5000ms
2026-07-06T02:13:34.600Z WARN  [db] pool utilization high: 5/5 in use
2026-07-06T02:13:36.800Z FATAL [supervisor] api unresponsive under sustained pool exhaustion, restarting
2026-07-06T02:13:37.200Z FATAL [supervisor] worker-1 unresponsive under sustained pool exhaustion, restarting
