2026-07-06T01:55:05.100Z INFO  [worker-1] job order-4001 started
2026-07-06T01:55:05.140Z INFO  [worker-1] job order-4001 completed, connection released
2026-07-06T01:55:05.160Z DEBUG [worker-2] queue depth 12
2026-07-06T01:55:10.500Z INFO  [worker-1] job order-4002 started
2026-07-06T01:55:10.540Z INFO  [worker-1] job order-4002 completed, connection released
2026-07-06T01:55:16.200Z INFO  [worker-1] job order-4003 started
2026-07-06T01:55:16.240Z INFO  [worker-1] job order-4003 completed, connection released
2026-07-06T01:55:22.200Z INFO  [worker-1] job order-4004 started
2026-07-06T01:55:22.240Z INFO  [worker-1] job order-4004 completed, connection released
2026-07-06T01:55:27.300Z INFO  [worker-1] job order-4005 started
2026-07-06T01:55:27.340Z INFO  [worker-1] job order-4005 completed, connection released
2026-07-06T01:55:32.700Z INFO  [worker-1] job order-4006 started
2026-07-06T01:55:32.740Z INFO  [worker-1] job order-4006 completed, connection released
2026-07-06T01:55:32.760Z DEBUG [worker-2] queue depth 17
2026-07-06T01:55:38.400Z INFO  [worker-1] job order-4007 started
2026-07-06T01:55:38.440Z INFO  [worker-1] job order-4007 completed, connection released
2026-07-06T01:55:44.400Z INFO  [worker-1] job order-4008 started
2026-07-06T01:55:44.440Z INFO  [worker-1] job order-4008 completed, connection released
2026-07-06T01:55:49.500Z INFO  [worker-1] job order-4009 started
2026-07-06T01:55:49.540Z INFO  [worker-1] job order-4009 completed, connection released
2026-07-06T01:55:54.900Z INFO  [worker-1] job order-4010 started
2026-07-06T01:55:54.940Z INFO  [worker-1] job order-4010 completed, connection released
2026-07-06T01:56:00.600Z INFO  [worker-1] job order-4011 started
2026-07-06T01:56:00.640Z INFO  [worker-1] job order-4011 completed, connection released
2026-07-06T01:56:00.660Z DEBUG [worker-2] queue depth 16
2026-07-06T01:56:06.600Z INFO  [worker-1] job order-4012 started
2026-07-06T01:56:06.640Z INFO  [worker-1] job order-4012 completed, connection released
2026-07-06T01:56:11.700Z INFO  [worker-1] job order-4013 started
2026-07-06T01:56:11.740Z ERROR [worker-1] job order-4013 failed: invalid order payload
2026-07-06T01:56:17.100Z INFO  [worker-1] job order-4014 started
2026-07-06T01:56:17.140Z INFO  [worker-1] job order-4014 completed, connection released
2026-07-06T01:56:22.800Z INFO  [worker-1] job order-4015 started
2026-07-06T01:56:22.840Z INFO  [worker-1] job order-4015 completed, connection released
2026-07-06T01:56:28.800Z INFO  [worker-1] job order-4016 started
2026-07-06T01:56:28.840Z INFO  [worker-1] job order-4016 completed, connection released
2026-07-06T01:56:28.860Z DEBUG [worker-2] queue depth 15
2026-07-06T01:56:33.900Z INFO  [worker-1] job order-4017 started
2026-07-06T01:56:33.940Z INFO  [worker-1] job order-4017 completed, connection released
2026-07-06T01:56:39.300Z INFO  [worker-1] job order-4018 started
2026-07-06T01:56:39.340Z INFO  [worker-1] job order-4018 completed, connection released
2026-07-06T01:56:45.000Z INFO  [worker-1] job order-4019 started
2026-07-06T01:56:45.040Z INFO  [worker-1] job order-4019 completed, connection released
2026-07-06T01:56:51.000Z INFO  [worker-1] job order-4020 started
2026-07-06T01:56:51.040Z INFO  [worker-1] job order-4020 completed, connection released
2026-07-06T01:56:56.100Z INFO  [worker-1] job order-4021 started
2026-07-06T01:56:56.140Z INFO  [worker-1] job order-4021 completed, connection released
2026-07-06T01:56:56.160Z DEBUG [worker-2] queue depth 14
2026-07-06T01:57:01.500Z INFO  [worker-1] job order-4022 started
2026-07-06T01:57:01.540Z INFO  [worker-1] job order-4022 completed, connection released
2026-07-06T01:57:07.200Z INFO  [worker-1] job order-4023 started
2026-07-06T01:57:07.240Z INFO  [worker-1] job order-4023 completed, connection released
2026-07-06T01:57:13.200Z INFO  [worker-1] job order-4024 started
2026-07-06T01:57:13.240Z INFO  [worker-1] job order-4024 completed, connection released
2026-07-06T01:57:18.300Z INFO  [worker-1] job order-4025 started
2026-07-06T01:57:18.340Z INFO  [worker-1] job order-4025 completed, connection released
2026-07-06T01:57:23.700Z INFO  [worker-1] job order-4026 started
2026-07-06T01:57:23.740Z INFO  [worker-1] job order-4026 completed, connection released
2026-07-06T01:57:23.760Z DEBUG [worker-2] queue depth 13
2026-07-06T01:57:29.400Z INFO  [worker-1] job order-4027 started
2026-07-06T01:57:29.440Z INFO  [worker-1] job order-4027 completed, connection released
2026-07-06T01:57:35.400Z INFO  [worker-1] job order-4028 started
2026-07-06T01:57:35.440Z INFO  [worker-1] job order-4028 completed, connection released
2026-07-06T01:57:40.500Z INFO  [worker-1] job order-4029 started
2026-07-06T01:57:40.540Z INFO  [worker-1] job order-4029 completed, connection released
2026-07-06T01:57:45.900Z INFO  [worker-1] job order-4030 started
2026-07-06T01:57:45.940Z INFO  [worker-1] job order-4030 completed, connection released
2026-07-06T01:57:51.600Z INFO  [worker-1] job order-4031 started
2026-07-06T01:57:51.640Z INFO  [worker-1] job order-4031 completed, connection released
2026-07-06T01:57:51.660Z DEBUG [worker-2] queue depth 12
2026-07-06T01:57:57.600Z INFO  [worker-1] job order-4032 started
2026-07-06T01:57:57.640Z INFO  [worker-1] job order-4032 completed, connection released
2026-07-06T01:58:02.700Z INFO  [worker-1] job order-4033 started
2026-07-06T01:58:02.740Z INFO  [worker-1] job order-4033 completed, connection released
2026-07-06T01:58:08.100Z INFO  [worker-1] job order-4034 started
2026-07-06T01:58:08.140Z INFO  [worker-1] job order-4034 completed, connection released
2026-07-06T01:58:13.800Z INFO  [worker-1] job order-4035 started
2026-07-06T01:58:13.840Z INFO  [worker-1] job order-4035 completed, connection released
2026-07-06T01:58:19.800Z INFO  [worker-1] job order-4036 started
2026-07-06T01:58:19.840Z INFO  [worker-1] job order-4036 completed, connection released
2026-07-06T01:58:19.860Z DEBUG [worker-2] queue depth 17
2026-07-06T01:58:24.900Z INFO  [worker-1] job order-4037 started
2026-07-06T01:58:24.940Z INFO  [worker-1] job order-4037 completed, connection released
2026-07-06T01:58:30.300Z INFO  [worker-1] job order-4038 started
2026-07-06T01:58:30.340Z INFO  [worker-1] job order-4038 completed, connection released
2026-07-06T01:58:36.000Z INFO  [worker-1] job order-4039 started
2026-07-06T01:58:36.040Z INFO  [worker-1] job order-4039 completed, connection released
2026-07-06T01:58:42.000Z INFO  [worker-1] job order-4040 started
2026-07-06T01:58:42.040Z INFO  [worker-1] job order-4040 completed, connection released
2026-07-06T01:58:47.100Z INFO  [worker-1] job order-4041 started
2026-07-06T01:58:47.140Z ERROR [worker-1] job order-4041 failed: invalid order payload
2026-07-06T01:58:47.160Z DEBUG [worker-2] queue depth 16
2026-07-06T01:58:52.500Z INFO  [worker-1] job order-4042 started
2026-07-06T01:58:52.540Z INFO  [worker-1] job order-4042 completed, connection released
2026-07-06T01:58:58.200Z INFO  [worker-1] job order-4043 started
2026-07-06T01:58:58.240Z INFO  [worker-1] job order-4043 completed, connection released
2026-07-06T01:59:04.200Z INFO  [worker-1] job order-4044 started
2026-07-06T01:59:04.240Z INFO  [worker-1] job order-4044 completed, connection released
2026-07-06T01:59:09.300Z INFO  [worker-1] job order-4045 started
2026-07-06T01:59:09.340Z INFO  [worker-1] job order-4045 completed, connection released
2026-07-06T01:59:14.700Z INFO  [worker-1] job order-4046 started
2026-07-06T01:59:14.740Z INFO  [worker-1] job order-4046 completed, connection released
2026-07-06T01:59:14.760Z DEBUG [worker-2] queue depth 15
2026-07-06T01:59:20.400Z INFO  [worker-1] job order-4047 started
2026-07-06T01:59:20.440Z INFO  [worker-1] job order-4047 completed, connection released
2026-07-06T01:59:26.400Z INFO  [worker-1] job order-4048 started
2026-07-06T01:59:26.440Z INFO  [worker-1] job order-4048 completed, connection released
2026-07-06T01:59:31.500Z INFO  [worker-1] job order-4049 started
2026-07-06T01:59:31.540Z INFO  [worker-1] job order-4049 completed, connection released
2026-07-06T01:59:36.900Z INFO  [worker-1] job order-4050 started
2026-07-06T01:59:36.940Z INFO  [worker-1] job order-4050 completed, connection released
2026-07-06T01:59:42.600Z INFO  [worker-1] job order-4051 started
2026-07-06T01:59:42.640Z INFO  [worker-1] job order-4051 completed, connection released
2026-07-06T01:59:42.660Z DEBUG [worker-2] queue depth 14
2026-07-06T01:59:48.600Z INFO  [worker-1] job order-4052 started
2026-07-06T01:59:48.640Z INFO  [worker-1] job order-4052 completed, connection released
2026-07-06T01:59:53.700Z INFO  [worker-1] job order-4053 started
2026-07-06T01:59:53.740Z INFO  [worker-1] job order-4053 completed, connection released
2026-07-06T01:59:59.100Z INFO  [worker-1] job order-4054 started
2026-07-06T01:59:59.140Z INFO  [worker-1] job order-4054 completed, connection released
2026-07-06T02:00:04.800Z INFO  [worker-1] job order-4055 started
2026-07-06T02:00:04.840Z INFO  [worker-1] job order-4055 completed, connection released
2026-07-06T02:00:10.800Z INFO  [worker-1] job order-4056 started
2026-07-06T02:00:10.840Z INFO  [worker-1] job order-4056 completed, connection released
2026-07-06T02:00:10.860Z DEBUG [worker-2] queue depth 13
2026-07-06T02:00:15.900Z INFO  [worker-1] job order-4057 started
2026-07-06T02:00:15.940Z INFO  [worker-1] job order-4057 completed, connection released
2026-07-06T02:00:21.300Z INFO  [worker-1] job order-4058 started
2026-07-06T02:00:21.340Z INFO  [worker-1] job order-4058 completed, connection released
2026-07-06T02:00:27.000Z INFO  [worker-1] job order-4059 started
2026-07-06T02:00:27.040Z INFO  [worker-1] job order-4059 completed, connection released
2026-07-06T02:00:33.000Z INFO  [worker-1] job order-4060 started
2026-07-06T02:00:33.040Z INFO  [worker-1] job order-4060 completed, connection released
2026-07-06T02:00:38.100Z INFO  [worker-1] job order-4061 started
2026-07-06T02:00:38.140Z INFO  [worker-1] job order-4061 completed, connection released
2026-07-06T02:00:38.160Z DEBUG [worker-2] queue depth 12
2026-07-06T02:00:43.500Z INFO  [worker-1] job order-4062 started
2026-07-06T02:00:43.540Z INFO  [worker-1] job order-4062 completed, connection released
2026-07-06T02:00:49.200Z INFO  [worker-1] job order-4063 started
2026-07-06T02:00:49.240Z INFO  [worker-1] job order-4063 completed, connection released
2026-07-06T02:00:55.200Z INFO  [worker-1] job order-4064 started
2026-07-06T02:00:55.240Z INFO  [worker-1] job order-4064 completed, connection released
2026-07-06T02:01:00.300Z INFO  [worker-1] job order-4065 started
2026-07-06T02:01:00.340Z INFO  [worker-1] job order-4065 completed, connection released
2026-07-06T02:01:05.700Z INFO  [worker-1] job order-4066 started
2026-07-06T02:01:05.740Z INFO  [worker-1] job order-4066 completed, connection released
2026-07-06T02:01:05.760Z DEBUG [worker-2] queue depth 17
2026-07-06T02:01:11.400Z INFO  [worker-1] job order-4067 started
2026-07-06T02:01:11.440Z INFO  [worker-1] job order-4067 completed, connection released
2026-07-06T02:01:17.400Z INFO  [worker-1] job order-4068 started
2026-07-06T02:01:17.440Z INFO  [worker-1] job order-4068 completed, connection released
2026-07-06T02:01:22.500Z INFO  [worker-1] job order-4069 started
2026-07-06T02:01:22.540Z INFO  [worker-1] job order-4069 completed, connection released
2026-07-06T02:01:27.900Z INFO  [worker-1] job order-4070 started
2026-07-06T02:01:27.940Z INFO  [worker-1] job order-4070 completed, connection released
2026-07-06T02:01:33.600Z INFO  [worker-1] job order-4071 started
2026-07-06T02:01:33.640Z INFO  [worker-1] job order-4071 completed, connection released
2026-07-06T02:01:33.660Z DEBUG [worker-2] queue depth 16
2026-07-06T02:01:39.600Z INFO  [worker-1] job order-4072 started
2026-07-06T02:01:39.640Z INFO  [worker-1] job order-4072 completed, connection released
2026-07-06T02:01:44.700Z INFO  [worker-1] job order-4073 started
2026-07-06T02:01:44.740Z INFO  [worker-1] job order-4073 completed, connection released
2026-07-06T02:01:50.100Z INFO  [worker-1] job order-4074 started
2026-07-06T02:01:50.140Z INFO  [worker-1] job order-4074 completed, connection released
2026-07-06T02:01:55.800Z INFO  [worker-1] job order-4075 started
2026-07-06T02:01:55.840Z INFO  [worker-1] job order-4075 completed, connection released
2026-07-06T02:02:01.800Z INFO  [worker-1] job order-4076 started
2026-07-06T02:02:01.840Z INFO  [worker-1] job order-4076 completed, connection released
2026-07-06T02:02:01.860Z DEBUG [worker-2] queue depth 15
2026-07-06T02:02:06.900Z INFO  [worker-1] job order-4077 started
2026-07-06T02:02:06.940Z INFO  [worker-1] job order-4077 completed, connection released
2026-07-06T02:02:12.300Z INFO  [worker-1] job order-4078 started
2026-07-06T02:02:12.340Z INFO  [worker-1] job order-4078 completed, connection released
2026-07-06T02:02:18.000Z INFO  [worker-1] job order-4079 started
2026-07-06T02:02:18.040Z INFO  [worker-1] job order-4079 completed, connection released
2026-07-06T02:02:24.000Z INFO  [worker-1] job order-4080 started
2026-07-06T02:02:24.040Z INFO  [worker-1] job order-4080 completed, connection released
2026-07-06T02:02:29.100Z INFO  [worker-1] job order-4081 started
2026-07-06T02:02:29.140Z INFO  [worker-1] job order-4081 completed, connection released
2026-07-06T02:02:29.160Z DEBUG [worker-2] queue depth 14
2026-07-06T02:02:34.500Z INFO  [worker-1] job order-4082 started
2026-07-06T02:02:34.540Z INFO  [worker-1] job order-4082 completed, connection released
2026-07-06T02:02:40.200Z INFO  [worker-1] job order-4083 started
2026-07-06T02:02:40.240Z INFO  [worker-1] job order-4083 completed, connection released
2026-07-06T02:02:46.200Z INFO  [worker-1] job order-4084 started
2026-07-06T02:02:46.240Z INFO  [worker-1] job order-4084 completed, connection released
2026-07-06T02:02:51.300Z INFO  [worker-1] job order-4085 started
2026-07-06T02:02:51.340Z INFO  [worker-1] job order-4085 completed, connection released
2026-07-06T02:02:56.700Z INFO  [worker-1] job order-4086 started
2026-07-06T02:02:56.740Z INFO  [worker-1] job order-4086 completed, connection released
2026-07-06T02:02:56.760Z DEBUG [worker-2] queue depth 13
2026-07-06T02:03:02.400Z INFO  [worker-1] job order-4087 started
2026-07-06T02:03:02.440Z INFO  [worker-1] job order-4087 completed, connection released
2026-07-06T02:03:08.400Z INFO  [worker-1] job order-4088 started
2026-07-06T02:03:08.440Z INFO  [worker-1] job order-4088 completed, connection released
2026-07-06T02:03:13.500Z INFO  [worker-1] job order-4089 started
2026-07-06T02:03:13.540Z INFO  [worker-1] job order-4089 completed, connection released
2026-07-06T02:03:18.900Z INFO  [worker-1] job order-4090 started
2026-07-06T02:03:18.940Z INFO  [worker-1] job order-4090 completed, connection released
2026-07-06T02:03:24.600Z INFO  [worker-1] job order-4091 started
2026-07-06T02:03:24.640Z INFO  [worker-1] job order-4091 completed, connection released
2026-07-06T02:03:24.660Z DEBUG [worker-2] queue depth 12
2026-07-06T02:03:30.600Z INFO  [worker-1] job order-4092 started
2026-07-06T02:03:30.640Z INFO  [worker-1] job order-4092 completed, connection released
2026-07-06T02:03:35.700Z INFO  [worker-1] job order-4093 started
2026-07-06T02:03:35.740Z INFO  [worker-1] job order-4093 completed, connection released
2026-07-06T02:03:41.100Z INFO  [worker-1] job order-4094 started
2026-07-06T02:03:41.140Z INFO  [worker-1] job order-4094 completed, connection released
2026-07-06T02:03:46.800Z INFO  [worker-1] job order-4095 started
2026-07-06T02:03:46.840Z INFO  [worker-1] job order-4095 completed, connection released
2026-07-06T02:03:52.800Z INFO  [worker-1] job order-4096 started
2026-07-06T02:03:52.840Z INFO  [worker-1] job order-4096 completed, connection released
2026-07-06T02:03:52.860Z DEBUG [worker-2] queue depth 17
2026-07-06T02:03:57.900Z INFO  [worker-1] job order-4097 started
2026-07-06T02:03:57.940Z INFO  [worker-1] job order-4097 completed, connection released
2026-07-06T02:04:03.300Z INFO  [worker-1] job order-4098 started
2026-07-06T02:04:03.340Z INFO  [worker-1] job order-4098 completed, connection released
2026-07-06T02:04:09.000Z INFO  [worker-1] job order-4099 started
2026-07-06T02:04:09.040Z INFO  [worker-1] job order-4099 completed, connection released
2026-07-06T02:04:15.000Z INFO  [worker-1] job order-4100 started
2026-07-06T02:04:15.040Z INFO  [worker-1] job order-4100 completed, connection released
2026-07-06T02:04:20.100Z INFO  [worker-1] job order-4101 started
2026-07-06T02:04:20.140Z INFO  [worker-1] job order-4101 completed, connection released
2026-07-06T02:04:20.160Z DEBUG [worker-2] queue depth 16
2026-07-06T02:04:25.500Z INFO  [worker-1] job order-4102 started
2026-07-06T02:04:25.540Z INFO  [worker-1] job order-4102 completed, connection released
2026-07-06T02:04:31.200Z INFO  [worker-1] job order-4103 started
2026-07-06T02:04:31.240Z INFO  [worker-1] job order-4103 completed, connection released
2026-07-06T02:04:37.200Z INFO  [worker-1] job order-4104 started
2026-07-06T02:04:37.240Z INFO  [worker-1] job order-4104 completed, connection released
2026-07-06T02:04:42.300Z INFO  [worker-1] job order-4105 started
2026-07-06T02:04:42.340Z INFO  [worker-1] job order-4105 completed, connection released
2026-07-06T02:04:47.700Z INFO  [worker-1] job order-4106 started
2026-07-06T02:04:47.740Z INFO  [worker-1] job order-4106 completed, connection released
2026-07-06T02:04:47.760Z DEBUG [worker-2] queue depth 15
2026-07-06T02:04:53.400Z INFO  [worker-1] job order-4107 started
2026-07-06T02:04:53.440Z INFO  [worker-1] job order-4107 completed, connection released
2026-07-06T02:04:59.400Z INFO  [worker-1] job order-4108 started
2026-07-06T02:04:59.440Z INFO  [worker-1] job order-4108 completed, connection released
2026-07-06T02:05:04.500Z INFO  [worker-1] job order-4109 started
2026-07-06T02:05:04.540Z INFO  [worker-1] job order-4109 completed, connection released
2026-07-06T02:05:09.900Z INFO  [worker-1] job order-4110 started
2026-07-06T02:05:09.940Z INFO  [worker-1] job order-4110 completed, connection released
2026-07-06T02:05:15.600Z INFO  [worker-1] job order-4111 started
2026-07-06T02:05:15.640Z INFO  [worker-1] job order-4111 completed, connection released
2026-07-06T02:05:15.660Z DEBUG [worker-2] queue depth 14
2026-07-06T02:05:21.600Z INFO  [worker-1] job order-4112 started
2026-07-06T02:05:21.640Z INFO  [worker-1] job order-4112 completed, connection released
2026-07-06T02:05:26.700Z INFO  [worker-1] job order-4113 started
2026-07-06T02:05:26.740Z INFO  [worker-1] job order-4113 completed, connection released
2026-07-06T02:05:32.100Z INFO  [worker-1] job order-4114 started
2026-07-06T02:05:32.140Z INFO  [worker-1] job order-4114 completed, connection released
2026-07-06T02:05:37.800Z INFO  [worker-1] job order-4115 started
2026-07-06T02:05:37.840Z INFO  [worker-1] job order-4115 completed, connection released
2026-07-06T02:05:43.800Z INFO  [worker-1] job order-4116 started
2026-07-06T02:05:43.840Z INFO  [worker-1] job order-4116 completed, connection released
2026-07-06T02:05:43.860Z DEBUG [worker-2] queue depth 13
2026-07-06T02:05:48.900Z INFO  [worker-1] job order-4117 started
2026-07-06T02:05:48.940Z INFO  [worker-1] job order-4117 completed, connection released
2026-07-06T02:05:54.300Z INFO  [worker-1] job order-4118 started
2026-07-06T02:05:54.340Z INFO  [worker-1] job order-4118 completed, connection released
2026-07-06T02:06:00.000Z INFO  [worker-1] job order-4119 started
2026-07-06T02:06:00.040Z INFO  [worker-1] job order-4119 completed, connection released
2026-07-06T02:06:06.000Z INFO  [worker-1] job order-4120 started
2026-07-06T02:06:06.040Z INFO  [worker-1] job order-4120 completed, connection released
2026-07-06T02:06:10.800Z INFO  [worker-1] job order-4121 started
2026-07-06T02:06:10.840Z INFO  [worker-1] job order-4121 completed, connection released
2026-07-06T02:06:10.845Z WARN  [db] pool in-use: 2/5
2026-07-06T02:06:15.600Z INFO  [worker-1] job order-4122 started
2026-07-06T02:06:15.640Z ERROR [worker-1] job order-4122 failed: invalid order payload
2026-07-06T02:06:15.645Z WARN  [db] pool in-use: 3/5
2026-07-06T02:06:20.400Z INFO  [worker-1] job order-4123 started
2026-07-06T02:06:20.440Z ERROR [worker-1] job order-4123 failed: invalid order payload
2026-07-06T02:06:20.445Z WARN  [db] pool in-use: 4/5
2026-07-06T02:06:25.200Z INFO  [worker-1] job order-4124 started
2026-07-06T02:06:25.240Z INFO  [worker-1] job order-4124 completed, connection released
2026-07-06T02:06:25.245Z WARN  [db] pool in-use: 4/5
2026-07-06T02:06:30.000Z INFO  [worker-1] job order-4125 started
2026-07-06T02:06:30.040Z ERROR [worker-1] job order-4125 failed: invalid order payload
2026-07-06T02:06:30.045Z WARN  [db] pool in-use: 5/5
2026-07-06T02:06:33.000Z ERROR [worker-1] job order-4126 failed: pool exhausted: no connections available
2026-07-06T02:06:34.200Z ERROR [worker-1] job order-4127 failed: pool exhausted: no connections available
2026-07-06T02:06:35.100Z FATAL [worker-1] giving up after repeated pool exhaustion, exiting
